COL name VAL journal yanbian university COL keyword VAL 	COL name VAL journal yanbian university natural science COL keyword VAL 	1
COL name VAL e journal cultural studies COL keyword VAL 	COL name VAL differences a journal feminist cultural studies COL keyword VAL 	0
COL name VAL vocational education COL keyword VAL 	COL name VAL research vocational technology education COL keyword VAL 	0
COL name VAL land COL keyword VAL 	COL name VAL land resources information COL keyword VAL 	0
COL name VAL chinese journal laparoscopic surgery COL keyword VAL 	COL name VAL chinese journal laparoscopic surgery electronic version COL keyword VAL 	1
COL name VAL studies literature language COL keyword VAL 	COL name VAL foreign language literature studies COL keyword VAL 	1
COL name VAL geotechnical engineering COL keyword VAL 	COL name VAL equipment geotechnical engineering COL keyword VAL 	0
COL name VAL information culture COL keyword VAL 	COL name VAL architecture culture COL keyword VAL 	0
COL name VAL international journal sensor networks COL keyword VAL 	COL name VAL international journal distributed sensor networks ubiquitous trustworthy computing COL keyword VAL 	0
COL name VAL bijdragen tot de taal land en volkenkunde COL keyword VAL 	COL name VAL bijdragen tot de taal land en volkenkunde COL keyword VAL 	1
COL name VAL bryologist COL keyword VAL 	COL name VAL bryologist COL keyword VAL 	1
COL name VAL journal computer networks communications COL keyword VAL 	COL name VAL acis international journal computer information science communications networks COL keyword VAL 	1
COL name VAL international journal open information technologies COL keyword VAL 	COL name VAL international journal intelligent systems technologies COL keyword VAL 	0
COL name VAL east west COL keyword VAL 	COL name VAL east west database workshop COL keyword VAL 	0
COL name VAL journal north university china COL keyword VAL 	COL name VAL journal north university china social sciences COL keyword VAL 	1
COL name VAL journal hohai university COL keyword VAL 	COL name VAL journal hohai university philosophy social sciences COL keyword VAL 	1
COL name VAL world water COL keyword VAL 	COL name VAL shanghai water COL keyword VAL 	0
COL name VAL journal yanbian university COL keyword VAL 	COL name VAL journal yanbian university natural science edition COL keyword VAL 	1
COL name VAL teaching english two year college COL keyword VAL 	COL name VAL college english teaching research COL keyword VAL 	0
COL name VAL library quarterly COL keyword VAL 	COL name VAL library quarterly COL keyword VAL 	1
COL name VAL economic journal COL keyword VAL 	COL name VAL journal economic history COL keyword VAL 	0
COL name VAL public health journal COL keyword VAL 	COL name VAL chinese journal public health mnagement COL keyword VAL 	0
COL name VAL breast COL keyword VAL 	COL name VAL breast COL keyword VAL 	1
COL name VAL international journal open information technologies COL keyword VAL 	COL name VAL international journal productivity management assessment technologies COL keyword VAL 	0
COL name VAL world journal critical care medicine COL keyword VAL 	COL name VAL chinese journal critical care medicine electronic edition COL keyword VAL 	0
COL name VAL agricultural science COL keyword VAL 	COL name VAL shanghai agricultural science technology COL keyword VAL 	0
COL name VAL logic journal igpl bulletin COL keyword VAL 	COL name VAL logic journal igpl bulletin COL keyword VAL 	1
COL name VAL international journal technology COL keyword VAL 	COL name VAL information sciences: international journal special issue: technology COL keyword VAL 	0
COL name VAL management international COL keyword VAL 	COL name VAL proceedings fifth international workshop cloud data management COL keyword VAL 	0
COL name VAL journal nanjing sport institute COL keyword VAL 	COL name VAL journal nanjing sport institute social science COL keyword VAL 	1
COL name VAL ecology environment COL keyword VAL 	COL name VAL ecology environment COL keyword VAL 	1
COL name VAL studies literature COL keyword VAL 	COL name VAL studies ethnic literature COL keyword VAL 	0
COL name VAL journal international studies COL keyword VAL 	COL name VAL international journal human computer studies COL keyword VAL 	0
COL name VAL chemical engineering world COL keyword VAL 	COL name VAL chemical engineering china COL keyword VAL 	0
COL name VAL journal american science COL keyword VAL 	COL name VAL journal american society information science COL keyword VAL 	0
COL name VAL psychology today COL keyword VAL 	COL name VAL journal psychology COL keyword VAL 	0
COL name VAL software engineering management COL keyword VAL 	COL name VAL sera'04 proceedings second international conference software engineering research management applications COL keyword VAL 	0
COL name VAL today s nursing home COL keyword VAL 	COL name VAL shanghai nursing COL keyword VAL 	0
COL name VAL child s health COL keyword VAL 	COL name VAL paediatrics child health COL keyword VAL 	0
COL name VAL journal philosophy COL keyword VAL 	COL name VAL journal philosophy COL keyword VAL 	1
COL name VAL journal chemistry COL keyword VAL 	COL name VAL journal combinatorial chemistry COL keyword VAL 	0
COL name VAL open medicine COL keyword VAL 	COL name VAL emergency medicine COL keyword VAL 	0
COL name VAL laws COL keyword VAL 	COL name VAL new laws regulations COL keyword VAL 	0
COL name VAL integration COL keyword VAL 	COL name VAL workshop information integration web COL keyword VAL 	0
COL name VAL canadian journal mathematics COL keyword VAL 	COL name VAL canadian journal mathematics canadien de mathematiques COL keyword VAL 	1
COL name VAL journal materials COL keyword VAL 	COL name VAL journal functional materials COL keyword VAL 	0
COL name VAL journal signal information processing COL keyword VAL 	COL name VAL journal vlsi signal processing systems COL keyword VAL 	0
COL name VAL geotechnical engineering COL keyword VAL 	COL name VAL geotechnical engineering technique COL keyword VAL 	1
COL name VAL international journal intelligent systems applications COL keyword VAL 	COL name VAL information sciences—informatics computer science: international journal special issue: intelligent systems applications COL keyword VAL 	0
COL name VAL journal shaanxi normal university COL keyword VAL 	COL name VAL journal shaanxi xueqian normal university COL keyword VAL 	0
COL name VAL journal modern medicine health COL keyword VAL 	COL name VAL journal modern medicine health COL keyword VAL 	1
COL name VAL land COL keyword VAL 	COL name VAL china land COL keyword VAL 	0
COL name VAL problems quality COL keyword VAL 	COL name VAL quality exploration COL keyword VAL 	0
COL name VAL journal hunan normal university COL keyword VAL 	COL name VAL journal hunan normal university nedical sciences COL keyword VAL 	1
COL name VAL american interest COL keyword VAL 	COL name VAL american statistician COL keyword VAL 	0
COL name VAL information culture COL keyword VAL 	COL name VAL law culture humanities COL keyword VAL 	0
COL name VAL world studies education COL keyword VAL 	COL name VAL studies finance accounting education COL keyword VAL 	0
COL name VAL scottish historical review COL keyword VAL 	COL name VAL scottish historical review COL keyword VAL 	1
COL name VAL current opinion colloid interface science COL keyword VAL 	COL name VAL current opinion colloid interface science COL keyword VAL 	1
COL name VAL information systems management COL keyword VAL 	COL name VAL information knowledge systems management COL keyword VAL 	0
COL name VAL open journal urology COL keyword VAL 	COL name VAL international journal urology nephrology COL keyword VAL 	0
COL name VAL journal asian studies COL keyword VAL 	COL name VAL international journal asian studies COL keyword VAL 	1
COL name VAL journal shaanxi university science technology COL keyword VAL 	COL name VAL journal shaanxi university technology natural science edition COL keyword VAL 	0
COL name VAL chinese journal injury repair wound healing COL keyword VAL 	COL name VAL chinese journal injury repair wound healing electronic version COL keyword VAL 	1
COL name VAL accounting review COL keyword VAL 	COL name VAL british accounting review COL keyword VAL 	0
COL name VAL computer engineering intelligent systems COL keyword VAL 	COL name VAL integrated computer aided engineering performance metrics intelligent systems COL keyword VAL 	0
COL name VAL early years educator COL keyword VAL 	COL name VAL diabetes educator COL keyword VAL 	0
COL name VAL journal shenyang jianzhu university COL keyword VAL 	COL name VAL journal shenyang jianzhu university natural science COL keyword VAL 	1
COL name VAL world health COL keyword VAL 	COL name VAL safety health COL keyword VAL 	0
COL name VAL journal yunnan university nationalities COL keyword VAL 	COL name VAL journal yunnan university nationalities natural sciences edition COL keyword VAL 	1
COL name VAL journal henan institute engineering COL keyword VAL 	COL name VAL journal henan institute engineering social science edition COL keyword VAL 	1
COL name VAL data brief COL keyword VAL 	COL name VAL data magazine COL keyword VAL 	0
COL name VAL journal ayn rand studies COL keyword VAL 	COL name VAL journal ayn rand studies COL keyword VAL 	1
COL name VAL studies literature COL keyword VAL 	COL name VAL studies modern chinese literature COL keyword VAL 	0
COL name VAL agricultural sciences COL keyword VAL 	COL name VAL tibet journal agricultural sciences COL keyword VAL 	0
COL name VAL international journal artificial intelligence COL keyword VAL 	COL name VAL international journal computer games technology artificial intelligence COL keyword VAL 	0
COL name VAL computing systems engineering COL keyword VAL 	COL name VAL acm sigchi symposium engineering interactive computing systems COL keyword VAL 	0
COL name VAL journal law politics COL keyword VAL 	COL name VAL journal beijing college politics law COL keyword VAL 	0
COL name VAL annals gis geographic information sciences COL keyword VAL 	COL name VAL annals gis geographic information sciences COL keyword VAL 	1
COL name VAL international journal research COL keyword VAL 	COL name VAL international journal information retrieval research COL keyword VAL 	0
COL name VAL journal chongqing university science technology COL keyword VAL 	COL name VAL journal chongqing technology business university social science edition COL keyword VAL 	0
COL name VAL spring COL keyword VAL 	COL name VAL vtc spring COL keyword VAL 	0
COL name VAL journal comparative germanic linguistics COL keyword VAL 	COL name VAL journal comparative germanic linguistics COL keyword VAL 	1
COL name VAL chinese journal interventional radiology COL keyword VAL 	COL name VAL contemporary medicine chinese journal interventional radiology COL keyword VAL 	1
COL name VAL journal nanchang hangkong university COL keyword VAL 	COL name VAL journal nanchang hangkong university social science COL keyword VAL 	1
COL name VAL journal shandong univenity COL keyword VAL 	COL name VAL journal shandong univenity health scicnes COL keyword VAL 	1
COL name VAL sports medicine open COL keyword VAL 	COL name VAL chinese journal sports medicine COL keyword VAL 	0
COL name VAL journal shanghai normal university COL keyword VAL 	COL name VAL journal shanghai normal university natural sciences COL keyword VAL 	1
COL name VAL journal software engineering COL keyword VAL 	COL name VAL journal computer software engineering COL keyword VAL 	0
COL name VAL journal second northwest university nationalities COL keyword VAL 	COL name VAL journal second northwest university nationalities philosophy social science COL keyword VAL 	1
COL name VAL world cement COL keyword VAL 	COL name VAL bulk cement COL keyword VAL 	0
COL name VAL geotechnical engineering COL keyword VAL 	COL name VAL geotechnical engineering world COL keyword VAL 	1
COL name VAL journal science educational COL keyword VAL 	COL name VAL journal ningbo university educational science edition COL keyword VAL 	0
COL name VAL naturalist COL keyword VAL 	COL name VAL american naturalist COL keyword VAL 	0
COL name VAL journal south central university nationalities COL keyword VAL 	COL name VAL journal south central university nationalities humanities social sciences COL keyword VAL 	1
COL name VAL world health COL keyword VAL 	COL name VAL health research COL keyword VAL 	0
COL name VAL open journal pediatrics COL keyword VAL 	COL name VAL journal neurosurgery pediatrics COL keyword VAL 	0
COL name VAL journal modern history COL keyword VAL 	COL name VAL journal modern history COL keyword VAL 	1
COL name VAL best practice research clinical rheumatology COL keyword VAL 	COL name VAL best practice research clinical rheumatology COL keyword VAL 	1
COL name VAL journal sichuan normal university COL keyword VAL 	COL name VAL journal sichuan normal university social sciences edition COL keyword VAL 	1
COL name VAL journal northwest normal university COL keyword VAL 	COL name VAL journal northwest normal university natural science edition COL keyword VAL 	1
COL name VAL data brief COL keyword VAL 	COL name VAL international workshop open data COL keyword VAL 	0
COL name VAL international journal open information technologies COL keyword VAL 	COL name VAL international journal monitoring surveillance technologies research COL keyword VAL 	0
COL name VAL modeling analysis information systems COL keyword VAL 	COL name VAL telecommunications systems modeling analysis design management COL keyword VAL 	0
COL name VAL journal chemistry COL keyword VAL 	COL name VAL journal polymer science part a chemistry COL keyword VAL 	0
COL name VAL journal computer instruction COL keyword VAL 	COL name VAL journal computer instruction COL keyword VAL 	1
COL name VAL men nursing COL keyword VAL 	COL name VAL chinese general nursing COL keyword VAL 	0
COL name VAL journal law information science COL keyword VAL 	COL name VAL journal fujian institute political science law COL keyword VAL 	0
COL name VAL academy management COL keyword VAL 	COL name VAL academy management annals COL keyword VAL 	1
COL name VAL journal teaching learning COL keyword VAL 	COL name VAL international journal computer assisted language learning teaching COL keyword VAL 	0
COL name VAL international journal information technology COL keyword VAL 	COL name VAL international journal technology policy law COL keyword VAL 	0
COL name VAL biographical memoirs fellows royal society COL keyword VAL 	COL name VAL biographical memoirs fellows royal society 1955 2000 COL keyword VAL 	1
COL name VAL journal inner mongolia normal university COL keyword VAL 	COL name VAL journal inner mongolia normal university philosophy social science COL keyword VAL 	1
COL name VAL pediatric obesity COL keyword VAL 	COL name VAL international journal pediatric obesity COL keyword VAL 	1
COL name VAL journal computing information technology COL keyword VAL 	COL name VAL journal computer science technology grid computing COL keyword VAL 	0
COL name VAL results physics COL keyword VAL 	COL name VAL physics engineering COL keyword VAL 	0
COL name VAL journal qingdao agricultural university COL keyword VAL 	COL name VAL journal qingdao agricultural university social science COL keyword VAL 	1
COL name VAL international journal engineering COL keyword VAL 	COL name VAL international journal multimedia data engineering management COL keyword VAL 	0
COL name VAL open journal civil engineering COL keyword VAL 	COL name VAL journal jilin institute architectural civil engineering COL keyword VAL 	0
COL name VAL journal university jinan COL keyword VAL 	COL name VAL journal jinan university social science edition COL keyword VAL 	1
COL name VAL diagnostic immunology COL keyword VAL 	COL name VAL clinical diagnostic laboratory immunology COL keyword VAL 	0
COL name VAL journal english education COL keyword VAL 	COL name VAL journal basic english education COL keyword VAL 	0
COL name VAL international journal information technology COL keyword VAL 	COL name VAL international journal computer science information technology COL keyword VAL 	0
COL name VAL management international COL keyword VAL 	COL name VAL international journal management education COL keyword VAL 	0
COL name VAL journal software engineering COL keyword VAL 	COL name VAL journal systems software engineering COL keyword VAL 	0
COL name VAL journal jiling university COL keyword VAL 	COL name VAL journal jiling university earth science edition COL keyword VAL 	1
COL name VAL prevention research COL keyword VAL 	COL name VAL juvenile delinquency prevention research COL keyword VAL 	0
COL name VAL problems quality COL keyword VAL 	COL name VAL fujian quality information COL keyword VAL 	0
COL name VAL chinese journal operative procedures general surgery COL keyword VAL 	COL name VAL chinese journal operative procedures general surgery electronic version COL keyword VAL 	1
COL name VAL air transport world COL keyword VAL 	COL name VAL air transport business COL keyword VAL 	1
COL name VAL journal otolaryngology head neck surgery COL keyword VAL 	COL name VAL international journal otolaryngology head neck surgery COL keyword VAL 	1
COL name VAL materials today proceedings COL keyword VAL 	COL name VAL functional materials information COL keyword VAL 	0
COL name VAL singapore economic review COL keyword VAL 	COL name VAL singapore economic review COL keyword VAL 	1
COL name VAL concurrent engineering COL keyword VAL 	COL name VAL manufacturing era concurrent engineering COL keyword VAL 	0
COL name VAL journal university shanghai science technology COL keyword VAL 	COL name VAL journal university shanghai science technology COL keyword VAL 	1
COL name VAL nuclear particle physics proceedings COL keyword VAL 	COL name VAL journal physics g nuclear particle COL keyword VAL 	1
COL name VAL world obstetrics gynecology COL keyword VAL 	COL name VAL obstetrics gynecology COL keyword VAL 	1
COL name VAL journal chemistry COL keyword VAL 	COL name VAL journal applied chemistry COL keyword VAL 	0
COL name VAL technology learning COL keyword VAL 	COL name VAL programmed learning educational technology COL keyword VAL 	0
COL name VAL journal hubei university nationalities COL keyword VAL 	COL name VAL journal hubei university nationalities philosophy social sciences COL keyword VAL 	1
COL name VAL turkish journal gastroenterology COL keyword VAL 	COL name VAL turkish journal gastroenterology COL keyword VAL 	1
COL name VAL gynecology obstetrics COL keyword VAL 	COL name VAL progress obstetrics gynecology COL keyword VAL 	0
COL name VAL journal xianning medical college COL keyword VAL 	COL name VAL journal xianning college medical sciences COL keyword VAL 	1
COL name VAL home health journal COL keyword VAL 	COL name VAL chinese journal health statistics COL keyword VAL 	0
COL name VAL journal law politics COL keyword VAL 	COL name VAL journal east china university politics law COL keyword VAL 	0
COL name VAL journal law politics COL keyword VAL 	COL name VAL journal guangxi administrativecadre institute politics law COL keyword VAL 	0
COL name VAL chinese journal medical aesthetics cosmetology COL keyword VAL 	COL name VAL chinese journal medical aesthetics cosmetology COL keyword VAL 	1
COL name VAL american journal economics sociology COL keyword VAL 	COL name VAL american journal economics sociology COL keyword VAL 	1
COL name VAL journal law information science COL keyword VAL 	COL name VAL journal east china university political science law COL keyword VAL 	0
COL name VAL journal clinical pharmacology COL keyword VAL 	COL name VAL journal clinical pharmacology COL keyword VAL 	1
COL name VAL journal chemical industry engineering COL keyword VAL 	COL name VAL journal chemical industry engineering COL keyword VAL 	1
COL name VAL journal modern pharmacy COL keyword VAL 	COL name VAL chinese journal modern applied pharmacy COL keyword VAL 	0
COL name VAL philosophical review COL keyword VAL 	COL name VAL philosophical review COL keyword VAL 	1
COL name VAL world cultures COL keyword VAL 	COL name VAL world religious cultures COL keyword VAL 	0
COL name VAL home health journal COL keyword VAL 	COL name VAL china journal health psychology COL keyword VAL 	0
COL name VAL education society COL keyword VAL 	COL name VAL journal chinese society education COL keyword VAL 	0
COL name VAL management economic information COL keyword VAL 	COL name VAL farm economic management COL keyword VAL 	0
COL name VAL journal university jinan COL keyword VAL 	COL name VAL journal jinan university medicine edition COL keyword VAL 	1
COL name VAL journal imaging COL keyword VAL 	COL name VAL journal biomedical imaging COL keyword VAL 	0
COL name VAL plastics world COL keyword VAL 	COL name VAL plastics additives COL keyword VAL 	0
COL name VAL journal economic behavior organization COL keyword VAL 	COL name VAL journal economic behavior organization COL keyword VAL 	1
COL name VAL sociological review COL keyword VAL 	COL name VAL sociological review china COL keyword VAL 	0
COL name VAL journal educational thought COL keyword VAL 	COL name VAL journal educational development COL keyword VAL 	0
COL name VAL philosophical transactions royal society a COL keyword VAL 	COL name VAL philosophical transactions royal society b: biological sciences COL keyword VAL 	1
COL name VAL journal qingdao agricultural university COL keyword VAL 	COL name VAL journal qingdao agricultural university natural science COL keyword VAL 	1
COL name VAL journal education science COL keyword VAL 	COL name VAL journal chifeng university science education COL keyword VAL 	0
COL name VAL open medicine COL keyword VAL 	COL name VAL medicine society COL keyword VAL 	0
COL name VAL plant resources COL keyword VAL 	COL name VAL chinese wild plant resources COL keyword VAL 	0
COL name VAL journal research practice COL keyword VAL 	COL name VAL journal software maintenance: research practice COL keyword VAL 	0
COL name VAL china finance review international COL keyword VAL 	COL name VAL china accounting finance review international symposium 2010 COL keyword VAL 	1
COL name VAL journal trading COL keyword VAL 	COL name VAL journal trading COL keyword VAL 	1
COL name VAL journal grid computing COL keyword VAL 	COL name VAL journal computer science technology grid computing COL keyword VAL 	0
COL name VAL information systems management COL keyword VAL 	COL name VAL journal systems management COL keyword VAL 	0
COL name VAL gynecology obstetrics COL keyword VAL 	COL name VAL obstetrics gynecology genetics electronic edition COL keyword VAL 	0
COL name VAL social network analysis mining COL keyword VAL 	COL name VAL proceedings 3rd workshop social network mining analysis COL keyword VAL 	1
COL name VAL results physics COL keyword VAL 	COL name VAL guangxi physics COL keyword VAL 	0
COL name VAL vocational education COL keyword VAL 	COL name VAL chinese vocational technical education COL keyword VAL 	0
COL name VAL open journal physical chemistry COL keyword VAL 	COL name VAL russian journal physical chemistry COL keyword VAL 	0
COL name VAL international journal research COL keyword VAL 	COL name VAL international journal e planning research COL keyword VAL 	0
COL name VAL computational theoretical chemistry COL keyword VAL 	COL name VAL international conference theoretical high performance computational chemistry 2011 COL keyword VAL 	0
COL name VAL journal henan polytechnic university COL keyword VAL 	COL name VAL journal henan polytechnic university social sciences COL keyword VAL 	1
COL name VAL international journal technology COL keyword VAL 	COL name VAL international journal advanced manufacturing technology COL keyword VAL 	0
COL name VAL psychology today COL keyword VAL 	COL name VAL informatics psychology COL keyword VAL 	0
COL name VAL world journal critical care medicine COL keyword VAL 	COL name VAL chinese journal integrated traditional western medicine intensive critical care COL keyword VAL 	0
COL name VAL world journal aids COL keyword VAL 	COL name VAL journal china aids std COL keyword VAL 	0
COL name VAL journal eastchina normal university COL keyword VAL 	COL name VAL journal eastchina normal university natural science COL keyword VAL 	1
COL name VAL science research COL keyword VAL 	COL name VAL library science research work COL keyword VAL 	0
COL name VAL journal shanxi teachers university COL keyword VAL 	COL name VAL journal shanxi teachers university natural science edition COL keyword VAL 	1
COL name VAL journal yanan university COL keyword VAL 	COL name VAL journal yanan university social science edition COL keyword VAL 	1
COL name VAL journal educational development COL keyword VAL 	COL name VAL journal educational development COL keyword VAL 	1
COL name VAL agricultural science COL keyword VAL 	COL name VAL sanming agricultural science technology COL keyword VAL 	0
COL name VAL journal shenyang institute engineering COL keyword VAL 	COL name VAL journal shenyang architectural civil engineering institute social science COL keyword VAL 	0
COL name VAL vitro cellular developmental biology plant COL keyword VAL 	COL name VAL vitro cellular developmental biology plant COL keyword VAL 	1
COL name VAL early childhood education journal COL keyword VAL 	COL name VAL journal computing childhood education COL keyword VAL 	0
COL name VAL journal philosophy COL keyword VAL 	COL name VAL british journal philosophy science COL keyword VAL 	0
COL name VAL journal clinical medicine COL keyword VAL 	COL name VAL journal laboratory medicine clinical COL keyword VAL 	0
COL name VAL journal second northwest university nationalities COL keyword VAL 	COL name VAL journal second northwest university nationalities philosophy social science COL keyword VAL 	1
COL name VAL automotive engineering international COL keyword VAL 	COL name VAL proceedings 2006 international workshop software engineering automotive systems COL keyword VAL 	0
COL name VAL journal chongqing university science technology COL keyword VAL 	COL name VAL journal chongqing technology business university natural science edition COL keyword VAL 	0
COL name VAL agricultural science COL keyword VAL 	COL name VAL journal agricultural science COL keyword VAL 	0
